WIN10@DESKTOP-C1PK23Q MINGW64 ~/Desktop/New
$ git clone https://github.com/MahendarC/demo.git
Cloning into 'demo'...
remote: Enumerating objects: 3, done.
remote: Counting objects: 100% (3/3), done.
remote: Total 3 (delta 0), reused 0 (delta 0), pack-reused 0 (from 0)
Receiving objects: 100% (3/3), done.

WIN10@DESKTOP-C1PK23Q MINGW64 ~/Desktop/New
$ git --version
git version 2.47.1.windows.2

WIN10@DESKTOP-C1PK23Q MINGW64 ~/Desktop/New
$ git status
fatal: not a git repository (or any of the parent directories): .git

WIN10@DESKTOP-C1PK23Q MINGW64 ~/Desktop/New/demo (main)
$ git status
On branch main
Your branch is up to date with 'origin/main'.

Untracked files:
  (use "git add <file>..." to include in what will be committed)
        demo1.txt
        demo2.txt
        demo3.txt

nothing added to commit but untracked files present (use "git add" to track)

WIN10@DESKTOP-C1PK23Q MINGW64 ~/Desktop/New/demo (main)
$ git add .

WIN10@DESKTOP-C1PK23Q MINGW64 ~/Desktop/New/demo (main)
$ git status
On branch main
Your branch is up to date with 'origin/main'.

Changes to be committed:
  (use "git restore --staged <file>..." to unstage)
        new file:   demo1.txt
        new file:   demo2.txt
        new file:   demo3.txt


WIN10@DESKTOP-C1PK23Q MINGW64 ~/Desktop/New/demo (main)
$ git commit -m "Second commit"
[main d9781ae] Second commit
 3 files changed, 3 insertions(+)
 create mode 100644 demo1.txt
 create mode 100644 demo2.txt
 create mode 100644 demo3.txt

WIN10@DESKTOP-C1PK23Q MINGW64 ~/Desktop/New/demo (main)
$ git status
On branch main
Your branch is ahead of 'origin/main' by 1 commit.
  (use "git push" to publish your local commits)

nothing to commit, working tree clean

WIN10@DESKTOP-C1PK23Q MINGW64 ~/Desktop/New/demo (main)
$ git push
Enumerating objects: 6, done.
Counting objects: 100% (6/6), done.
Delta compression using up to 4 threads
Compressing objects: 100% (2/2), done.
Writing objects: 100% (5/5), 379 bytes | 189.00 KiB/s, done.
Total 5 (delta 0), reused 0 (delta 0), pack-reused 0 (from 0)
To https://github.com/MahendarC/demo.git
   9675a85..d9781ae  main -> main

WIN10@DESKTOP-C1PK23Q MINGW64 ~/Desktop/New/demo (main)
$ git pull
remote: Enumerating objects: 4, done.
remote: Counting objects: 100% (4/4), done.
remote: Compressing objects: 100% (2/2), done.
remote: Total 3 (delta 1), reused 0 (delta 0), pack-reused 0 (from 0)
Unpacking objects: 100% (3/3), 918 bytes | 43.00 KiB/s, done.
From https://github.com/MahendarC/demo
   d9781ae..6132e71  main       -> origin/main
Updating d9781ae..6132e71
Fast-forward
 demo4.txt | 1 +
 1 file changed, 1 insertion(+)
 create mode 100644 demo4.txt

WIN10@DESKTOP-C1PK23Q MINGW64 ~/Desktop/New/demo (main)
$ git status
On branch main
Your branch is up to date with 'origin/main'.

nothing to commit, working tree clean

WIN10@DESKTOP-C1PK23Q MINGW64 ~/Desktop/New/demo (main)
$ git fetch
remote: Enumerating objects: 4, done.
remote: Counting objects: 100% (4/4), done.
remote: Compressing objects: 100% (2/2), done.
remote: Total 3 (delta 1), reused 0 (delta 0), pack-reused 0 (from 0)
Unpacking objects: 100% (3/3), 918 bytes | 39.00 KiB/s, done.
From https://github.com/MahendarC/demo
   6132e71..3850b75  main       -> origin/main

WIN10@DESKTOP-C1PK23Q MINGW64 ~/Desktop/New/demo (main)
$ git status
On branch main
Your branch is behind 'origin/main' by 1 commit, and can be fast-forwarded.
  (use "git pull" to update your local branch)

nothing to commit, working tree clean

WIN10@DESKTOP-C1PK23Q MINGW64 ~/Desktop/New/demo (main)
$ git merge origin
Updating 6132e71..3850b75
Fast-forward
 demo5.txt | 1 +
 1 file changed, 1 insertion(+)
